[seehot360.blogspot.com/index.html]
[backblue.gif]
[fade.gif]
[index.html]
[seehot360.blogspot.com/favicon.ico]
[seehot360.blogspot.com/feeds/posts/default]
[seehot360.blogspot.com/feeds/posts/default9522]
[ajax.googleapis.com/ajax/libs/jquery/3.3.1/jquery.min.js]
[cdn.statically.io/gh/TaufiqHdyt/CDN/fd1ce28b/font-awesome-5-pro/css/all.min.css]
[2.bp.blogspot.com/-fjaZBtfvzac/UN1mw2tUamI/AAAAAAAADkc/XdKqt8hWZ6w/s1600/anon.jpg]
[4.bp.blogspot.com/-cmZSAe4hgWI/V0K-3C5xiHI/AAAAAAAAG90/2btatUgRsM4qf8HIc7QweuToTkRqRNeuACLcB/s1600/delete.png]
[seehot360.blogspot.com/2023/03/see-hot-video-settimeoutfunction-window.html]
[blogger.googleusercontent.com/img/b/R29vZ2xl/AVvXsEhWtCOtiX8HH-qR1IBl3d6SEEJTOgwpZz8VjS1gvl4/w640-h382/Untitled design (3) (2).png]
[seehot360.blogspot.com/2023/03/watch-now-settimeoutfunction-window_25.html]
[blogger.googleusercontent.com/img/b/R29vZ2xl/AVvXsEhhiXze932t7FcytssErBdFL0qiz47DvrNG50iFGwv/w640-h382/Untitled design.png]
[seehot360.blogspot.com/2023/03/see-full-video-settimeoutfunction-window_79.html]
[blogger.googleusercontent.com/img/b/R29vZ2xl/AVvXsEjc0Jly1L9Zg0bdez7DZ3aJeG75zDfIrQmFaY1d2Rj/w640-h382/Untitled design (2).png]
[seehot360.blogspot.com/2023/03/watch-now-settimeoutfunction-window_42.html]
[blogger.googleusercontent.com/img/b/R29vZ2xl/AVvXsEgRNoIuOvW6GKSjXjhF46CWXh72l7FnXTnBPXFkEiP/w640-h382/Untitled design (3) (8).png]
[seehot360.blogspot.com/2023/03/watch-now-settimeoutfunction-window_13.html]
[blogger.googleusercontent.com/img/b/R29vZ2xl/AVvXsEiDulZ7KOAeEmvPXAtMNTJTyCLEGwRNz_groGE9MTD/w640-h382/Untitled design (3) (9).png]
[seehot360.blogspot.com/2023/03/watch-now-settimeoutfunction-window_15.html]
[blogger.googleusercontent.com/img/b/R29vZ2xl/AVvXsEj2Q1YVErhfebSb-vflmtxhD_ZRHLDQUtlPU5Lfobm/w640-h382/Untitled design (3) (11).png]
[seehot360.blogspot.com/2023/03/see-full-video-settimeoutfunction-window_66.html]
[blogger.googleusercontent.com/img/b/R29vZ2xl/AVvXsEi9zKZoaykr0FOnLBNCk6OdGN9T9wuGSToHeyw_aAG/w640-h382/Untitled design (3) (14).png]
[seehot360.blogspot.com/searchc409.html]
[www.blogger.com/static/v1/widgets/2492653901-widgets.js]
[seehot360.blogspot.com/index.html]
[cdn.statically.io/gh/TaufiqHdyt/CDN/fd1ce28b/font-awesome-5-pro/css/all.min.css]
[www.blogger.com/dyn-css/authorizationf32a.css]
[seehot360.blogspot.com/1o_/2y.V.1L/2z/index.html]
[seehot360.blogspot.com/feeds/3482966803179352159/comments/default]
[3.bp.blogspot.com/-fr42e67HG4I/Vky8HLexiEI/AAAAAAAAM0I/MLMd2qwIH1E/s1600/avatar.png]
[blogger.googleusercontent.com/img/b/R29vZ2xl/AVvXsEhWtCOtiX8HH-qR1IBl3d6SEEJTOgwpZz8VjS1gvl4/s1200/Untitled design (3) (2).png]
[blogger.googleusercontent.com/img/b/R29vZ2xl/AVvXsEjJs3tuM4f-zy5KXXFsDTUo3QAu_tFwHKRUWwaUKrU/s1111/IMG_20230224_085651_349.jpg]
[blogger.googleusercontent.com/img/b/R29vZ2xl/AVvXsEjJs3tuM4f-zy5KXXFsDTUo3QAu_tFwHKRUWwaUKrU/w390-h640/IMG_20230224_085651_349.jpg]
[blogger.googleusercontent.com/img/b/R29vZ2xl/AVvXsEhtL0h3OrWrwPYblj6KEF3cAeJ4dhE2GQfYvhUFlm3/s1280/IMG_20230224_085651_667.jpg]
[blogger.googleusercontent.com/img/b/R29vZ2xl/AVvXsEhtL0h3OrWrwPYblj6KEF3cAeJ4dhE2GQfYvhUFlm3/w426-h640/IMG_20230224_085651_667.jpg]
[www.blogger.com/static/v1/jsbin/976584016-comment_from_post_iframe.js]
[cdn.jsdelivr.net/gh/twitter/twemoji@v11.0.0/36x36/1f600.png]
[cdn.jsdelivr.net/gh/twitter/twemoji@v11.0.0/36x36/1f615.png]
[cdn.jsdelivr.net/gh/twitter/twemoji@v11.0.0/36x36/1f601.png]
[cdn.jsdelivr.net/gh/twitter/twemoji@v11.0.0/36x36/1f60f.png]
[cdn.jsdelivr.net/gh/twitter/twemoji@v11.0.0/36x36/1f603.png]
[cdn.jsdelivr.net/gh/twitter/twemoji@v11.0.0/36x36/1f62c.png]
[cdn.jsdelivr.net/gh/twitter/twemoji@v11.0.0/36x36/1f604.png]
[cdn.jsdelivr.net/gh/twitter/twemoji@v11.0.0/36x36/1f61e.png]
[cdn.jsdelivr.net/gh/twitter/twemoji@v11.0.0/36x36/1f62d.png]
[cdn.jsdelivr.net/gh/twitter/twemoji@v11.0.0/36x36/1f616.png]
[cdn.jsdelivr.net/gh/twitter/twemoji@v11.0.0/36x36/1f61c.png]
[cdn.jsdelivr.net/gh/twitter/twemoji@v11.0.0/36x36/1f62e.png]
[cdn.jsdelivr.net/gh/twitter/twemoji@v11.0.0/36x36/1f606.png]
[cdn.jsdelivr.net/gh/twitter/twemoji@v11.0.0/36x36/1f609.png]
[cdn.jsdelivr.net/gh/twitter/twemoji@v11.0.0/36x36/1f614.png]
[cdn.jsdelivr.net/gh/twitter/twemoji@v11.0.0/36x36/1f619.png]
[cdn.jsdelivr.net/gh/twitter/twemoji@v11.0.0/36x36/1f625.png]
[cdn.jsdelivr.net/gh/twitter/twemoji@v11.0.0/36x36/1f620.png]
[cdn.jsdelivr.net/gh/twitter/twemoji@v11.0.0/36x36/1f60e.png]
[cdn.jsdelivr.net/gh/twitter/twemoji@v11.0.0/36x36/1f624.png]
[cdn.jsdelivr.net/gh/twitter/twemoji@v11.0.0/36x36/1f634.png]
[cdn.jsdelivr.net/gh/twitter/twemoji@v11.0.0/36x36/1f635.png]
[cdn.jsdelivr.net/gh/twitter/twemoji@v11.0.0/36x36/1f637.png]
[cdn.jsdelivr.net/gh/twitter/twemoji@v11.0.0/36x36/1f35c.png]
[cdn.jsdelivr.net/gh/twitter/twemoji@v11.0.0/36x36/1f60d.png]
[cdn.jsdelivr.net/gh/twitter/twemoji@v11.0.0/36x36/1f496.png]
[seehot360.blogspot.com/2023/03/see-hot-video-settimeoutfunction-window.html]
[seehot360.blogspot.com/2I-c/index.html]
[seehot360.blogspot.com/feeds/8592382265290491050/comments/default]
[seehot360.blogspot.com/2023/03/1o_/2y.V.1L/2z/index.html]
[blogger.googleusercontent.com/img/b/R29vZ2xl/AVvXsEhhiXze932t7FcytssErBdFL0qiz47DvrNG50iFGwv/s1200/Untitled design.png]
[blogger.googleusercontent.com/img/b/R29vZ2xl/AVvXsEgYtYp37kzNrNyFD93OMgPwPZSXdOMyB2x1gpH7pOX/s1024/IMG_20230224_101852_474.jpg]
[blogger.googleusercontent.com/img/b/R29vZ2xl/AVvXsEgYtYp37kzNrNyFD93OMgPwPZSXdOMyB2x1gpH7pOX/w640-h426/IMG_20230224_101852_474.jpg]
[blogger.googleusercontent.com/img/b/R29vZ2xl/AVvXsEhnxn2c_2WhtzsbNC8w5yNi36OPRh06cERemBdG_iR/s1280/IMG_20230224_101840_339.jpg]
[blogger.googleusercontent.com/img/b/R29vZ2xl/AVvXsEhnxn2c_2WhtzsbNC8w5yNi36OPRh06cERemBdG_iR/w444-h640/IMG_20230224_101840_339.jpg]
[seehot360.blogspot.com/2023/03/watch-now-settimeoutfunction-window_25.html]
[seehot360.blogspot.com/feeds/7463259281188651194/comments/default]
[blogger.googleusercontent.com/img/b/R29vZ2xl/AVvXsEjc0Jly1L9Zg0bdez7DZ3aJeG75zDfIrQmFaY1d2Rj/s1200/Untitled design (2).png]
[blogger.googleusercontent.com/img/b/R29vZ2xl/AVvXsEhH3rLTKs3xjODIedieSJYGvYIAEhv_p5i9Dezqs52/s1163/IMG_20230224_085459_625.jpg]
[blogger.googleusercontent.com/img/b/R29vZ2xl/AVvXsEhH3rLTKs3xjODIedieSJYGvYIAEhv_p5i9Dezqs52/w524-h640/IMG_20230224_085459_625.jpg]
[blogger.googleusercontent.com/img/b/R29vZ2xl/AVvXsEiWGwRlYT-h1RGu1_e1V3KzYo3YWFuxNCWXgBYufdx/s1172/IMG_20230224_085456_548.jpg]
[blogger.googleusercontent.com/img/b/R29vZ2xl/AVvXsEiWGwRlYT-h1RGu1_e1V3KzYo3YWFuxNCWXgBYufdx/w524-h640/IMG_20230224_085456_548.jpg]
[seehot360.blogspot.com/2023/03/see-full-video-settimeoutfunction-window_79.html]
[seehot360.blogspot.com/feeds/6276349001099125559/comments/default]
[blogger.googleusercontent.com/img/b/R29vZ2xl/AVvXsEgRNoIuOvW6GKSjXjhF46CWXh72l7FnXTnBPXFkEiP/s1200/Untitled design (3) (8).png]
[blogger.googleusercontent.com/img/b/R29vZ2xl/AVvXsEg18ioz1eY5gES6WEDkPXQo1v5kR9iyrIoZXe6SMgW/s1280/IMG_20230223_235029_534.jpg]
[blogger.googleusercontent.com/img/b/R29vZ2xl/AVvXsEg18ioz1eY5gES6WEDkPXQo1v5kR9iyrIoZXe6SMgW/w458-h640/IMG_20230223_235029_534.jpg]
[blogger.googleusercontent.com/img/b/R29vZ2xl/AVvXsEhP6_KLa3T9xi-zoT9mKDkQ-1M11e_G33amppqKksI/s1080/IMG_20230223_235029_257.jpg]
[blogger.googleusercontent.com/img/b/R29vZ2xl/AVvXsEhP6_KLa3T9xi-zoT9mKDkQ-1M11e_G33amppqKksI/w640-h426/IMG_20230223_235029_257.jpg]
[seehot360.blogspot.com/2023/03/watch-now-settimeoutfunction-window_42.html]
[seehot360.blogspot.com/feeds/260723590668421399/comments/default]
[blogger.googleusercontent.com/img/b/R29vZ2xl/AVvXsEiDulZ7KOAeEmvPXAtMNTJTyCLEGwRNz_groGE9MTD/s1200/Untitled design (3) (9).png]
[blogger.googleusercontent.com/img/b/R29vZ2xl/AVvXsEhK9xr7LlMmZmaYoUffZ7cTVdT2gwjSTOGFSOERZaz/s1280/IMG_20230226_063802_234.jpg]
[blogger.googleusercontent.com/img/b/R29vZ2xl/AVvXsEhK9xr7LlMmZmaYoUffZ7cTVdT2gwjSTOGFSOERZaz/w452-h640/IMG_20230226_063802_234.jpg]
[blogger.googleusercontent.com/img/b/R29vZ2xl/AVvXsEj9YkLUlRVHmOpAUeVxva_3fIno-9FqLGxb8-wxQko/s1280/IMG_20230227_072332_625.jpg]
[blogger.googleusercontent.com/img/b/R29vZ2xl/AVvXsEj9YkLUlRVHmOpAUeVxva_3fIno-9FqLGxb8-wxQko/w404-h640/IMG_20230227_072332_625.jpg]
[seehot360.blogspot.com/2023/03/watch-now-settimeoutfunction-window_13.html]
[seehot360.blogspot.com/feeds/1507214492968700830/comments/default]
[blogger.googleusercontent.com/img/b/R29vZ2xl/AVvXsEj2Q1YVErhfebSb-vflmtxhD_ZRHLDQUtlPU5Lfobm/s1200/Untitled design (3) (11).png]
[blogger.googleusercontent.com/img/b/R29vZ2xl/AVvXsEglxOgp1gBF84rOwxpvAXoCWFDT5uYCb4Y67Mnd1jn/s604/IMG_20230226_134740_332.jpg]
[blogger.googleusercontent.com/img/b/R29vZ2xl/AVvXsEglxOgp1gBF84rOwxpvAXoCWFDT5uYCb4Y67Mnd1jn/w512-h640/IMG_20230226_134740_332.jpg]
[blogger.googleusercontent.com/img/b/R29vZ2xl/AVvXsEhDOaa0L1HiQTMk2YEeryIwAWqEtr7E2jyhE4cktdA/s759/IMG_20230224_101810_263.jpg]
[blogger.googleusercontent.com/img/b/R29vZ2xl/AVvXsEhDOaa0L1HiQTMk2YEeryIwAWqEtr7E2jyhE4cktdA/w366-h640/IMG_20230224_101810_263.jpg]
[seehot360.blogspot.com/2023/03/watch-now-settimeoutfunction-window_15.html]
[seehot360.blogspot.com/feeds/6271763066503596238/comments/default]
[blogger.googleusercontent.com/img/b/R29vZ2xl/AVvXsEi9zKZoaykr0FOnLBNCk6OdGN9T9wuGSToHeyw_aAG/s1200/Untitled design (3) (14).png]
[blogger.googleusercontent.com/img/b/R29vZ2xl/AVvXsEg_6Fs7LAlvMIhJIwmLYGaXmc1DYi2MdDshzeIhvXS/s1219/IMG_20230224_085732_443.jpg]
[blogger.googleusercontent.com/img/b/R29vZ2xl/AVvXsEg_6Fs7LAlvMIhJIwmLYGaXmc1DYi2MdDshzeIhvXS/w398-h640/IMG_20230224_085732_443.jpg]
[blogger.googleusercontent.com/img/b/R29vZ2xl/AVvXsEhabgiazFohycVroMFcPI_jyae3CF9ZhsMnrAm5rL1/s1192/IMG_20230224_085732_137.jpg]
[blogger.googleusercontent.com/img/b/R29vZ2xl/AVvXsEhabgiazFohycVroMFcPI_jyae3CF9ZhsMnrAm5rL1/w458-h640/IMG_20230224_085732_137.jpg]
[seehot360.blogspot.com/2023/03/see-full-video-settimeoutfunction-window_66.html]
[seehot360.blogspot.com/2023/03/view-video-settimeoutfunction-window.html]
[blogger.googleusercontent.com/img/b/R29vZ2xl/AVvXsEheOjTryJPQrnIqKT_k0Gjz2E_hfM_w9QYkVOc1LT2/w640-h382/Untitled design (3) (15).png]
[seehot360.blogspot.com/2023/03/watch-now-settimeoutfunction-window_95.html]
[blogger.googleusercontent.com/img/b/R29vZ2xl/AVvXsEj9c6JIyNhZgXBs_Z8Je_Qc1EpLmTwuv7ulWTeZgOE/w640-h382/Untitled design (3) (16).png]
[seehot360.blogspot.com/2023/03/watched-full-videos-settimeoutfunction.html]
[blogger.googleusercontent.com/img/b/R29vZ2xl/AVvXsEj5lARYWmXkL2C03v_aH7yIHCQPk1I-jnfOjqcwYlZ/w640-h382/Untitled design (3) (17).png]
[seehot360.blogspot.com/2023/03/watch-now-settimeoutfunction-window_90.html]
[blogger.googleusercontent.com/img/b/R29vZ2xl/AVvXsEjUQETGrplNDMWA_uEIUNlgK-3oH2EAlV8_vTggXN7/w640-h382/Untitled design (3) (24).png]
[seehot360.blogspot.com/2023/03/see-full-video-settimeoutfunction-window_71.html]
[blogger.googleusercontent.com/img/b/R29vZ2xl/AVvXsEj7ssw070ORmkJBuBBun8g_VkvWwbNYGriaSXhG9xj/w640-h382/Untitled design (3) (30).png]
[seehot360.blogspot.com/2023/03/watch-now-settimeoutfunction-window_65.html]
[blogger.googleusercontent.com/img/b/R29vZ2xl/AVvXsEgwfORG7OfDtBaSCIsISHGngWMtKJg6A-uiyUwE43i/w640-h382/Untitled design (3) (26).png]
[seehot360.blogspot.com/2023/03/see-full-video-settimeoutfunction-window_4.html]
[blogger.googleusercontent.com/img/b/R29vZ2xl/AVvXsEhV7XS7mDUkl_T92JB2Ox-h2ifh703daCzU0NSil92/w640-h382/Untitled design (3) (4).png]
[seehot360.blogspot.com/searchc409.html]
[seehot360.blogspot.com/1o_/2y.V.1L/2z/index.html]
[seehot360.blogspot.com/search750f.html]
[seehot360.blogspot.com/2I-c/index.html]
[seehot360.blogspot.com/2023/03/1o_/2y.V.1L/2z/index.html]
[seehot360.blogspot.com/feeds/7401934687240217107/comments/default]
[blogger.googleusercontent.com/img/b/R29vZ2xl/AVvXsEheOjTryJPQrnIqKT_k0Gjz2E_hfM_w9QYkVOc1LT2/s1200/Untitled design (3) (15).png]
[blogger.googleusercontent.com/img/b/R29vZ2xl/AVvXsEiAhF5PTal7F_sPvprjNAabuvPdbrr6H84fIB3YPrQ/s1147/IMG_20230224_101725_471.jpg]
[blogger.googleusercontent.com/img/b/R29vZ2xl/AVvXsEiAhF5PTal7F_sPvprjNAabuvPdbrr6H84fIB3YPrQ/w432-h640/IMG_20230224_101725_471.jpg]
[blogger.googleusercontent.com/img/b/R29vZ2xl/AVvXsEjGggZvMQgngZ6dWgpXCk4hFotx6150BgJDI3QeVzo/s1173/IMG_20230224_101725_752.jpg]
[blogger.googleusercontent.com/img/b/R29vZ2xl/AVvXsEjGggZvMQgngZ6dWgpXCk4hFotx6150BgJDI3QeVzo/w466-h640/IMG_20230224_101725_752.jpg]
[seehot360.blogspot.com/2023/03/view-video-settimeoutfunction-window.html]
[seehot360.blogspot.com/feeds/1131729210076097230/comments/default]
[blogger.googleusercontent.com/img/b/R29vZ2xl/AVvXsEj9c6JIyNhZgXBs_Z8Je_Qc1EpLmTwuv7ulWTeZgOE/s1200/Untitled design (3) (16).png]
[blogger.googleusercontent.com/img/b/R29vZ2xl/AVvXsEjf8CF49wMG1gwSvVs0_NBydlZtdhUA159u6z8nQRA/s1280/IMG_20230224_085702_567.jpg]
[blogger.googleusercontent.com/img/b/R29vZ2xl/AVvXsEjf8CF49wMG1gwSvVs0_NBydlZtdhUA159u6z8nQRA/w428-h640/IMG_20230224_085702_567.jpg]
[blogger.googleusercontent.com/img/b/R29vZ2xl/AVvXsEjro_THPG9gt8j8xUpa53SjmGhbSL6TgQ5t0_V8jab/s1280/IMG_20230224_085702_446.jpg]
[blogger.googleusercontent.com/img/b/R29vZ2xl/AVvXsEjro_THPG9gt8j8xUpa53SjmGhbSL6TgQ5t0_V8jab/w428-h640/IMG_20230224_085702_446.jpg]
[seehot360.blogspot.com/2023/03/watch-now-settimeoutfunction-window_95.html]
[seehot360.blogspot.com/feeds/4343343716538111352/comments/default]
[blogger.googleusercontent.com/img/b/R29vZ2xl/AVvXsEj5lARYWmXkL2C03v_aH7yIHCQPk1I-jnfOjqcwYlZ/s1200/Untitled design (3) (17).png]
[blogger.googleusercontent.com/img/b/R29vZ2xl/AVvXsEjfN3aJIFsdGrRPPR9_JzVqv29wYpULY7Apkkak147/s1080/IMG_20230223_235028_749.jpg]
[blogger.googleusercontent.com/img/b/R29vZ2xl/AVvXsEjfN3aJIFsdGrRPPR9_JzVqv29wYpULY7Apkkak147/w640-h426/IMG_20230223_235028_749.jpg]
[blogger.googleusercontent.com/img/b/R29vZ2xl/AVvXsEhOPXZaLVnTMewMwi8CODdvsqt7K6AgiX7ky9L38eq/s1080/IMG_20230223_235029_502.jpg]
[blogger.googleusercontent.com/img/b/R29vZ2xl/AVvXsEhOPXZaLVnTMewMwi8CODdvsqt7K6AgiX7ky9L38eq/w640-h426/IMG_20230223_235029_502.jpg]
[blogger.googleusercontent.com/img/b/R29vZ2xl/AVvXsEj8Qsa9uOA0F5PJSYOHuP-ukONL6au4WR1Kk-CuPum/s1280/IMG_20230224_085703_187.jpg]
[blogger.googleusercontent.com/img/b/R29vZ2xl/AVvXsEj8Qsa9uOA0F5PJSYOHuP-ukONL6au4WR1Kk-CuPum/w428-h640/IMG_20230224_085703_187.jpg]
[seehot360.blogspot.com/2023/03/watched-full-videos-settimeoutfunction.html]
[seehot360.blogspot.com/feeds/3996459322438611035/comments/default]
[blogger.googleusercontent.com/img/b/R29vZ2xl/AVvXsEjUQETGrplNDMWA_uEIUNlgK-3oH2EAlV8_vTggXN7/s1200/Untitled design (3) (24).png]
[blogger.googleusercontent.com/img/b/R29vZ2xl/AVvXsEj9cuJh677eqT0EUr1uWYvMCVX88E31bRyARfpqmTp/s871/IMG_20230227_083252_093.jpg]
[blogger.googleusercontent.com/img/b/R29vZ2xl/AVvXsEj9cuJh677eqT0EUr1uWYvMCVX88E31bRyARfpqmTp/w440-h640/IMG_20230227_083252_093.jpg]
[blogger.googleusercontent.com/img/b/R29vZ2xl/AVvXsEhgwk7zoO4IwPXVgwtKJE_2YDcryyRxOHgqXrSonmz/s1280/IMG_20230226_070805_828.jpg]
[blogger.googleusercontent.com/img/b/R29vZ2xl/AVvXsEhgwk7zoO4IwPXVgwtKJE_2YDcryyRxOHgqXrSonmz/w510-h640/IMG_20230226_070805_828.jpg]
[seehot360.blogspot.com/2023/03/watch-now-settimeoutfunction-window_90.html]
[seehot360.blogspot.com/feeds/3263815574013332008/comments/default]
[blogger.googleusercontent.com/img/b/R29vZ2xl/AVvXsEj7ssw070ORmkJBuBBun8g_VkvWwbNYGriaSXhG9xj/s1200/Untitled design (3) (30).png]
[blogger.googleusercontent.com/img/b/R29vZ2xl/AVvXsEgZeRoLX0s0mRfoMqoT7MuKoBMmZgOHjdQN-Cv6fAb/s876/IMG_20230227_083255_955.jpg]
[blogger.googleusercontent.com/img/b/R29vZ2xl/AVvXsEgZeRoLX0s0mRfoMqoT7MuKoBMmZgOHjdQN-Cv6fAb/w438-h640/IMG_20230227_083255_955.jpg]
[blogger.googleusercontent.com/img/b/R29vZ2xl/AVvXsEjNlwQjWQcJ5oL8aURIOrMIQ1_xbj3vWIQvehGE5EJ/s1237/IMG_20230226_134638_794.jpg]
[blogger.googleusercontent.com/img/b/R29vZ2xl/AVvXsEjNlwQjWQcJ5oL8aURIOrMIQ1_xbj3vWIQvehGE5EJ/w558-h640/IMG_20230226_134638_794.jpg]
[seehot360.blogspot.com/2023/03/see-full-video-settimeoutfunction-window_71.html]
[seehot360.blogspot.com/feeds/7573078418971670012/comments/default]
[blogger.googleusercontent.com/img/b/R29vZ2xl/AVvXsEgwfORG7OfDtBaSCIsISHGngWMtKJg6A-uiyUwE43i/s1200/Untitled design (3) (26).png]
[blogger.googleusercontent.com/img/b/R29vZ2xl/AVvXsEgf7zlSCBKAY5pZhuWtiRfjP_ImxD3HNh55KZF4CJE/s1280/IMG_20230226_063747_235.jpg]
[blogger.googleusercontent.com/img/b/R29vZ2xl/AVvXsEgf7zlSCBKAY5pZhuWtiRfjP_ImxD3HNh55KZF4CJE/w464-h640/IMG_20230226_063747_235.jpg]
[blogger.googleusercontent.com/img/b/R29vZ2xl/AVvXsEgSExBFR-R6lQ0kOhvOvgvOrDMyuPhXa96SpEP2k8F/s1280/IMG_20230224_085702_403.jpg]
[blogger.googleusercontent.com/img/b/R29vZ2xl/AVvXsEgSExBFR-R6lQ0kOhvOvgvOrDMyuPhXa96SpEP2k8F/w428-h640/IMG_20230224_085702_403.jpg]
[blogger.googleusercontent.com/img/b/R29vZ2xl/AVvXsEgwXtvtWPmFzj3Z2sktIUBjdIgqK6BvLxxoiGA1Siq/s1280/IMG_20230224_085702_834.jpg]
[blogger.googleusercontent.com/img/b/R29vZ2xl/AVvXsEgwXtvtWPmFzj3Z2sktIUBjdIgqK6BvLxxoiGA1Siq/w428-h640/IMG_20230224_085702_834.jpg]
[seehot360.blogspot.com/2023/03/watch-now-settimeoutfunction-window_65.html]
[seehot360.blogspot.com/feeds/6289859993325965098/comments/default]
[blogger.googleusercontent.com/img/b/R29vZ2xl/AVvXsEhV7XS7mDUkl_T92JB2Ox-h2ifh703daCzU0NSil92/s1200/Untitled design (3) (4).png]
[blogger.googleusercontent.com/img/b/R29vZ2xl/AVvXsEhTuP1FyAJr2H4nodtbhn4MYE8hUeEpcwVsxpuH6op/s352/IMG_20230227_090422_573.jpg]
[blogger.googleusercontent.com/img/b/R29vZ2xl/AVvXsEhTuP1FyAJr2H4nodtbhn4MYE8hUeEpcwVsxpuH6op/w640-h360/IMG_20230227_090422_573.jpg]
[blogger.googleusercontent.com/img/b/R29vZ2xl/AVvXsEiH4D5MiS7gwr6nlxv2818_D3svTxPSAlMao-X9SKv/s1280/IMG_20230227_103444_869.jpg]
[blogger.googleusercontent.com/img/b/R29vZ2xl/AVvXsEiH4D5MiS7gwr6nlxv2818_D3svTxPSAlMao-X9SKv/w512-h640/IMG_20230227_103444_869.jpg]
[seehot360.blogspot.com/2023/03/see-full-video-settimeoutfunction-window_4.html]
[seehot360.blogspot.com/2023/03/watch-now-settimeoutfunction-window_12.html]
[blogger.googleusercontent.com/img/b/R29vZ2xl/AVvXsEgjaLiN3MQlMx97jNx0mPOh1VPOPn36HWco0e_OjG2/w640-h382/Untitled design (3) (7).png]
[seehot360.blogspot.com/2023/03/watch-now-settimeoutfunction-window_19.html]
[blogger.googleusercontent.com/img/b/R29vZ2xl/AVvXsEi-tKL3z8tNtplLz_g3CeWqVZo-bP_gOd4CuGA3LU0/w640-h382/Untitled design (3) (8).png]
[seehot360.blogspot.com/2023/03/watch-now-settimeoutfunction-window_48.html]
[blogger.googleusercontent.com/img/b/R29vZ2xl/AVvXsEiqoweGSXz-2Cthkf4VE3OtVQ4PlO1v294GG_4QMk2/w640-h382/Untitled design (3) (9).png]
[seehot360.blogspot.com/2023/03/watching-now-settimeoutfunction-window.html]
[blogger.googleusercontent.com/img/b/R29vZ2xl/AVvXsEgpdZMCf4MvYwNoEwzo1a5qjKdC9OKmPpNDlUweYOe/w640-h382/Untitled design (3) (31).png]
[seehot360.blogspot.com/2023/03/see-full-video-settimeoutfunction-window_3.html]
[blogger.googleusercontent.com/img/b/R29vZ2xl/AVvXsEiL3mU0sXOSH2g_n_PTW9peVs7xDFleLpRzl34HzSV/w640-h382/Untitled design (3) (26).png]
[seehot360.blogspot.com/2023/03/see-full-video-settimeoutfunction-window.html]
[blogger.googleusercontent.com/img/b/R29vZ2xl/AVvXsEgWk8EH7o1cpxFSa-ByXLXpmKkcUizjFw0DGkJhpLY/w640-h382/Untitled design (3) (25).png]
[seehot360.blogspot.com/2023/03/watch-now-settimeoutfunction-window_51.html]
[blogger.googleusercontent.com/img/b/R29vZ2xl/AVvXsEjWeqRbIhroKEdtxNphTy4bKlEGFg0IzKK5A4mb77j/w640-h382/Untitled design (3) (23).png]
[seehot360.blogspot.com/searchbdfc.html]
[seehot360.blogspot.com/search750f.html]
[seehot360.blogspot.com/searcheca9.html]
[draft.blogger.com/dyn-css/authorizationf32a.css]
[seehot360.blogspot.com/feeds/5809742755353490967/comments/default]
[blogger.googleusercontent.com/img/b/R29vZ2xl/AVvXsEgjaLiN3MQlMx97jNx0mPOh1VPOPn36HWco0e_OjG2/s1200/Untitled design (3) (7).png]
[blogger.googleusercontent.com/img/b/R29vZ2xl/AVvXsEgo1MT8CMo23tdfz8ACVO3wbWPwfuHwPl6xA4DRGQC/s1280/IMG_20230227_073016_294.jpg]
[blogger.googleusercontent.com/img/b/R29vZ2xl/AVvXsEgo1MT8CMo23tdfz8ACVO3wbWPwfuHwPl6xA4DRGQC/w442-h640/IMG_20230227_073016_294.jpg]
[blogger.googleusercontent.com/img/b/R29vZ2xl/AVvXsEgfuxi0qz-8islc56qdKAiS3UZrgfHf2rNYAm1aJ8y/s1280/IMG_20230227_071526_957.jpg]
[blogger.googleusercontent.com/img/b/R29vZ2xl/AVvXsEgfuxi0qz-8islc56qdKAiS3UZrgfHf2rNYAm1aJ8y/w438-h640/IMG_20230227_071526_957.jpg]
[seehot360.blogspot.com/2023/03/watch-now-settimeoutfunction-window_12.html]
[seehot360.blogspot.com/feeds/3254138634525508237/comments/default]
[blogger.googleusercontent.com/img/b/R29vZ2xl/AVvXsEi-tKL3z8tNtplLz_g3CeWqVZo-bP_gOd4CuGA3LU0/s1200/Untitled design (3) (8).png]
[blogger.googleusercontent.com/img/b/R29vZ2xl/AVvXsEjlE4MPOmw9QP8FHADWRHSGqTCZkonjEDiArrfZGA8/s1280/IMG_20230227_073011_370.jpg]
[blogger.googleusercontent.com/img/b/R29vZ2xl/AVvXsEjlE4MPOmw9QP8FHADWRHSGqTCZkonjEDiArrfZGA8/w382-h640/IMG_20230227_073011_370.jpg]
[blogger.googleusercontent.com/img/b/R29vZ2xl/AVvXsEguVHZaOQYT4b-cMtbmXrel7s6oBVOoPRoDthKG8Sv/s1280/IMG_20230227_071513_397.jpg]
[blogger.googleusercontent.com/img/b/R29vZ2xl/AVvXsEguVHZaOQYT4b-cMtbmXrel7s6oBVOoPRoDthKG8Sv/w414-h640/IMG_20230227_071513_397.jpg]
[seehot360.blogspot.com/2023/03/watch-now-settimeoutfunction-window_19.html]
[seehot360.blogspot.com/feeds/6765259513165647520/comments/default]
[blogger.googleusercontent.com/img/b/R29vZ2xl/AVvXsEiqoweGSXz-2Cthkf4VE3OtVQ4PlO1v294GG_4QMk2/s1200/Untitled design (3) (9).png]
[blogger.googleusercontent.com/img/b/R29vZ2xl/AVvXsEihmi71bHHWhtxqvSsC9HR_-MJPSRZTPfVYIqPx1s1/s1280/IMG_20230226_141754_717.jpg]
[blogger.googleusercontent.com/img/b/R29vZ2xl/AVvXsEihmi71bHHWhtxqvSsC9HR_-MJPSRZTPfVYIqPx1s1/w444-h640/IMG_20230226_141754_717.jpg]
[blogger.googleusercontent.com/img/b/R29vZ2xl/AVvXsEh2U8yT-ApNxNmn0UieZtYUxXIU1nWpoiwqQwMY0_3/s1280/IMG_20230226_141849_330.jpg]
[blogger.googleusercontent.com/img/b/R29vZ2xl/AVvXsEh2U8yT-ApNxNmn0UieZtYUxXIU1nWpoiwqQwMY0_3/w394-h640/IMG_20230226_141849_330.jpg]
[seehot360.blogspot.com/2023/03/watch-now-settimeoutfunction-window_48.html]
[seehot360.blogspot.com/feeds/8322099419571651671/comments/default]
[blogger.googleusercontent.com/img/b/R29vZ2xl/AVvXsEgpdZMCf4MvYwNoEwzo1a5qjKdC9OKmPpNDlUweYOe/s1200/Untitled design (3) (31).png]
[blogger.googleusercontent.com/img/b/R29vZ2xl/AVvXsEiVGUJnpgEnpa_U72vDmPVejVEypoZq_Z0W90g8-a3/s698/Screenshot_20230227-155438_2.jpg]
[blogger.googleusercontent.com/img/b/R29vZ2xl/AVvXsEiVGUJnpgEnpa_U72vDmPVejVEypoZq_Z0W90g8-a3/w618-h640/Screenshot_20230227-155438_2.jpg]
[blogger.googleusercontent.com/img/b/R29vZ2xl/AVvXsEjoIv3h18NToUon1wscakrYTHaMuakvU9vCq8Ko06D/s802/Screenshot_20230227-154533_1.jpg]
[blogger.googleusercontent.com/img/b/R29vZ2xl/AVvXsEjoIv3h18NToUon1wscakrYTHaMuakvU9vCq8Ko06D/w538-h640/Screenshot_20230227-154533_1.jpg]
[seehot360.blogspot.com/2023/03/watching-now-settimeoutfunction-window.html]
[seehot360.blogspot.com/feeds/8690212832874063149/comments/default]
[blogger.googleusercontent.com/img/b/R29vZ2xl/AVvXsEiL3mU0sXOSH2g_n_PTW9peVs7xDFleLpRzl34HzSV/s1200/Untitled design (3) (26).png]
[blogger.googleusercontent.com/img/b/R29vZ2xl/AVvXsEgMYEjH2-35KFXzNmGm77Jn528ZZyMpQua6y7DrNRw/s1280/IMG_20230227_144853_010.jpg]
[blogger.googleusercontent.com/img/b/R29vZ2xl/AVvXsEgMYEjH2-35KFXzNmGm77Jn528ZZyMpQua6y7DrNRw/w438-h640/IMG_20230227_144853_010.jpg]
[blogger.googleusercontent.com/img/b/R29vZ2xl/AVvXsEgGHSNCBNvbCbMJoc5ZtkFy4_7bNguagaE5Rqwdocc/s1280/IMG_20230227_144854_593.jpg]
[blogger.googleusercontent.com/img/b/R29vZ2xl/AVvXsEgGHSNCBNvbCbMJoc5ZtkFy4_7bNguagaE5Rqwdocc/w444-h640/IMG_20230227_144854_593.jpg]
[seehot360.blogspot.com/2023/03/see-full-video-settimeoutfunction-window_3.html]
[seehot360.blogspot.com/feeds/5436808590390899603/comments/default]
[blogger.googleusercontent.com/img/b/R29vZ2xl/AVvXsEgWk8EH7o1cpxFSa-ByXLXpmKkcUizjFw0DGkJhpLY/s1200/Untitled design (3) (25).png]
[blogger.googleusercontent.com/img/b/R29vZ2xl/AVvXsEh-0yAQhIkv6O4T1rFMv8PbiK_zBLICUPBvLy_poIO/s1280/IMG_20230227_144838_950.jpg]
[blogger.googleusercontent.com/img/b/R29vZ2xl/AVvXsEh-0yAQhIkv6O4T1rFMv8PbiK_zBLICUPBvLy_poIO/w438-h640/IMG_20230227_144838_950.jpg]
[blogger.googleusercontent.com/img/b/R29vZ2xl/AVvXsEi2-eLoEB8Z7-j3lWoPSO3RmHdH2ieBOFKxv1k_tNV/s1280/IMG_20230227_144850_332.jpg]
[blogger.googleusercontent.com/img/b/R29vZ2xl/AVvXsEi2-eLoEB8Z7-j3lWoPSO3RmHdH2ieBOFKxv1k_tNV/w440-h640/IMG_20230227_144850_332.jpg]
[seehot360.blogspot.com/2023/03/see-full-video-settimeoutfunction-window.html]
[seehot360.blogspot.com/feeds/7849068047142420255/comments/default]
[blogger.googleusercontent.com/img/b/R29vZ2xl/AVvXsEjWeqRbIhroKEdtxNphTy4bKlEGFg0IzKK5A4mb77j/s1200/Untitled design (3) (23).png]
[blogger.googleusercontent.com/img/b/R29vZ2xl/AVvXsEiv2WoNW8HzGdNjXd-kZMa1si6mkO73jGp2nlk_pEf/s1280/IMG_20230227_143832_040.jpg]
[blogger.googleusercontent.com/img/b/R29vZ2xl/AVvXsEiv2WoNW8HzGdNjXd-kZMa1si6mkO73jGp2nlk_pEf/w512-h640/IMG_20230227_143832_040.jpg]
[blogger.googleusercontent.com/img/b/R29vZ2xl/AVvXsEgW41NVEYOmJ8nLAuCJb6EXUB7ZmG3xh7QM5dbxqM9/s640/IMG_20230227_143823_452.jpg]
[blogger.googleusercontent.com/img/b/R29vZ2xl/AVvXsEgW41NVEYOmJ8nLAuCJb6EXUB7ZmG3xh7QM5dbxqM9/w640-h640/IMG_20230227_143823_452.jpg]
[seehot360.blogspot.com/2023/03/watch-now-settimeoutfunction-window_51.html]
[seehot360.blogspot.com/searchbdfc.html]
[seehot360.blogspot.com/searchc536.html]
[seehot360.blogspot.com/2023/03/watch-now-settimeoutfunction-window_9.html]
[blogger.googleusercontent.com/img/b/R29vZ2xl/AVvXsEiMMa0wntx8FSWEmu0oCiFkD89njG6v5I2f6XH_uTL/w640-h382/Untitled design (3) (17).png]
[seehot360.blogspot.com/2023/03/watch-full-video-settimeoutfunction_69.html]
[blogger.googleusercontent.com/img/b/R29vZ2xl/AVvXsEicZaJCNIpfd-ZGXT2kBqu_Gl_dCRgf1amVHLyk6Kn/w640-h382/Untitled design (3) (1).png]
[seehot360.blogspot.com/2023/03/watch-full-video-settimeoutfunction_62.html]
[blogger.googleusercontent.com/img/b/R29vZ2xl/AVvXsEg5CZUypAQeMmJISHeXccImDpa5ZDv9w4eM7MoR597/w640-h382/Untitled design (3) (5).png]
[seehot360.blogspot.com/2023/03/watch-full-video-settimeoutfunction_89.html]
[blogger.googleusercontent.com/img/b/R29vZ2xl/AVvXsEiaPKYw4-dJsICiY06-NLn7LJfM4bHQQRIvXOwxTvW/w640-h382/Untitled design.png]
[seehot360.blogspot.com/2023/03/watch-full-video-settimeoutfunction_48.html]
[blogger.googleusercontent.com/img/b/R29vZ2xl/AVvXsEj--Z7acLucWexpdYRn-LxJXUDG7tjfZVjLzGq8yQM/w640-h382/Untitled design.png]
[seehot360.blogspot.com/2023/03/watch-now-settimeoutfunction-window_83.html]
[blogger.googleusercontent.com/img/b/R29vZ2xl/AVvXsEgrVVpwrrDiAYl19uEQxI6-3EBpWZoQqgKNYx_Wli8/w640-h382/Untitled design (3) (2).png]
[seehot360.blogspot.com/2023/03/watch-now-settimeoutfunction-window_98.html]
[blogger.googleusercontent.com/img/b/R29vZ2xl/AVvXsEhguALD5F-IcZeOyV4iTDCdbzUyDMmjx9YIez2LrwY/w640-h382/Untitled design (3) (3).png]
[seehot360.blogspot.com/searchbff8.html]
[seehot360.blogspot.com/searcheca9.html]
[pinterest.com/pin/create/button/index3d09.html]
[pinterest.com/pin/create/button/index4a0d.html]
[pinterest.com/pin/create/button/indexb988.html]
[pinterest.com/pin/create/button/index0c3d.html]
[pinterest.com/pin/create/button/indexadb5.html]
[pinterest.com/pin/create/button/indexcdb6.html]
[pinterest.com/pin/create/button/index18e7.html]
[seehot360.blogspot.com/search76f7.html]
[seehot360.blogspot.com/searchc536.html]
[seehot360.blogspot.com/search3b8d.html]
[seehot360.blogspot.com/feeds/4049219104510116799/comments/default]
[blogger.googleusercontent.com/img/b/R29vZ2xl/AVvXsEiMMa0wntx8FSWEmu0oCiFkD89njG6v5I2f6XH_uTL/s1200/Untitled design (3) (17).png]
[blogger.googleusercontent.com/img/b/R29vZ2xl/AVvXsEjY7H0Apg4gsp3VIwTYWfsszL3xnoEq_tp3Tqs6d8M/s1280/IMG_20230227_141610_559.jpg]
[blogger.googleusercontent.com/img/b/R29vZ2xl/AVvXsEjY7H0Apg4gsp3VIwTYWfsszL3xnoEq_tp3Tqs6d8M/w512-h640/IMG_20230227_141610_559.jpg]
[blogger.googleusercontent.com/img/b/R29vZ2xl/AVvXsEhGVWSwFrC8qjFPwIPMQHCmfQR3do5e9meqbg3FRFf/s1280/IMG_20230227_141600_300.jpg]
[blogger.googleusercontent.com/img/b/R29vZ2xl/AVvXsEhGVWSwFrC8qjFPwIPMQHCmfQR3do5e9meqbg3FRFf/w512-h640/IMG_20230227_141600_300.jpg]
[blogger.googleusercontent.com/img/b/R29vZ2xl/AVvXsEgf254ETucc1ehP0xJitXQe0fRp5ta-tej9D-5grfq/s1080/IMG_20230227_141606_751.jpg]
[blogger.googleusercontent.com/img/b/R29vZ2xl/AVvXsEgf254ETucc1ehP0xJitXQe0fRp5ta-tej9D-5grfq/w640-h640/IMG_20230227_141606_751.jpg]
[seehot360.blogspot.com/2023/03/watch-now-settimeoutfunction-window_9.html]
[seehot360.blogspot.com/feeds/3284755263265645852/comments/default]
[blogger.googleusercontent.com/img/b/R29vZ2xl/AVvXsEicZaJCNIpfd-ZGXT2kBqu_Gl_dCRgf1amVHLyk6Kn/s1200/Untitled design (3) (1).png]
[blogger.googleusercontent.com/img/b/R29vZ2xl/AVvXsEjk5Zs3ybnmDsFiyFPX36WtIl3ZqCJqU2SSTvx7cML/s963/Screenshot_20230227-203641_1.jpg]
[blogger.googleusercontent.com/img/b/R29vZ2xl/AVvXsEjk5Zs3ybnmDsFiyFPX36WtIl3ZqCJqU2SSTvx7cML/w448-h640/Screenshot_20230227-203641_1.jpg]
[blogger.googleusercontent.com/img/b/R29vZ2xl/AVvXsEhdG4beCtW-DUC_wdH2t6BwSfuvftBaJuRE8IrMoeR/s976/Screenshot_20230227-203636_1.jpg]
[blogger.googleusercontent.com/img/b/R29vZ2xl/AVvXsEhdG4beCtW-DUC_wdH2t6BwSfuvftBaJuRE8IrMoeR/w442-h640/Screenshot_20230227-203636_1.jpg]
[seehot360.blogspot.com/2023/03/watch-full-video-settimeoutfunction_69.html]
[seehot360.blogspot.com/feeds/6206723933948936339/comments/default]
[blogger.googleusercontent.com/img/b/R29vZ2xl/AVvXsEg5CZUypAQeMmJISHeXccImDpa5ZDv9w4eM7MoR597/s1200/Untitled design (3) (5).png]
[blogger.googleusercontent.com/img/b/R29vZ2xl/AVvXsEgx00H66t-9CnCCN3cMlYtjRz_kA8TlP48bqrKJmid/s907/Screenshot_20230227-204654_1.jpg]
[blogger.googleusercontent.com/img/b/R29vZ2xl/AVvXsEgx00H66t-9CnCCN3cMlYtjRz_kA8TlP48bqrKJmid/w476-h640/Screenshot_20230227-204654_1.jpg]
[blogger.googleusercontent.com/img/b/R29vZ2xl/AVvXsEiac8E-qs2P9tWYUeBo5DM-erTBr1zA354r3pXGFYL/s898/Screenshot_20230227-204633_1.jpg]
[blogger.googleusercontent.com/img/b/R29vZ2xl/AVvXsEiac8E-qs2P9tWYUeBo5DM-erTBr1zA354r3pXGFYL/w482-h640/Screenshot_20230227-204633_1.jpg]
[blogger.googleusercontent.com/img/b/R29vZ2xl/AVvXsEjjynMEKVz1AYJ9eVLvIVwTG-JiMeJ3V7RuYXg4Wuu/s859/Screenshot_20230227-204016_1.jpg]
[blogger.googleusercontent.com/img/b/R29vZ2xl/AVvXsEjjynMEKVz1AYJ9eVLvIVwTG-JiMeJ3V7RuYXg4Wuu/w502-h640/Screenshot_20230227-204016_1.jpg]
[seehot360.blogspot.com/2023/03/watch-full-video-settimeoutfunction_62.html]
[seehot360.blogspot.com/feeds/4912662620493400359/comments/default]
[blogger.googleusercontent.com/img/b/R29vZ2xl/AVvXsEiaPKYw4-dJsICiY06-NLn7LJfM4bHQQRIvXOwxTvW/s1200/Untitled design.png]
[blogger.googleusercontent.com/img/b/R29vZ2xl/AVvXsEgrntKb5S4-F7W-adRe7M16Ny3h0QFNbTRUTrxwVJX/s906/Screenshot_20230227-211103_1.jpg]
[blogger.googleusercontent.com/img/b/R29vZ2xl/AVvXsEgrntKb5S4-F7W-adRe7M16Ny3h0QFNbTRUTrxwVJX/w476-h640/Screenshot_20230227-211103_1.jpg]
[blogger.googleusercontent.com/img/b/R29vZ2xl/AVvXsEjQHTkZE1m4fEAagsRMQocGd6q_tn6GFYCiZO_Puxa/s887/Screenshot_20230227-211145_1.jpg]
[blogger.googleusercontent.com/img/b/R29vZ2xl/AVvXsEjQHTkZE1m4fEAagsRMQocGd6q_tn6GFYCiZO_Puxa/w488-h640/Screenshot_20230227-211145_1.jpg]
[blogger.googleusercontent.com/img/b/R29vZ2xl/AVvXsEj1iTiSUcF4W--rTrY5xY5JncMV_ORcc420FFD9rkH/s900/Screenshot_20230227-211133_1.jpg]
[blogger.googleusercontent.com/img/b/R29vZ2xl/AVvXsEj1iTiSUcF4W--rTrY5xY5JncMV_ORcc420FFD9rkH/w480-h640/Screenshot_20230227-211133_1.jpg]
[seehot360.blogspot.com/2023/03/watch-full-video-settimeoutfunction_89.html]
[seehot360.blogspot.com/feeds/8943153332515554773/comments/default]
[blogger.googleusercontent.com/img/b/R29vZ2xl/AVvXsEj--Z7acLucWexpdYRn-LxJXUDG7tjfZVjLzGq8yQM/s1200/Untitled design.png]
[blogger.googleusercontent.com/img/b/R29vZ2xl/AVvXsEglQYQuKLW0e0fYJyXJ35u6JSJj9MV5MbAO0jK08W2/s1183/IMG_20230227_144837_009.jpg]
[blogger.googleusercontent.com/img/b/R29vZ2xl/AVvXsEglQYQuKLW0e0fYJyXJ35u6JSJj9MV5MbAO0jK08W2/w438-h640/IMG_20230227_144837_009.jpg]
[blogger.googleusercontent.com/img/b/R29vZ2xl/AVvXsEiXCVHYi9xGO4xrLvBdbZwBiYTm1GW0RVkbGLL6ZzN/s1280/IMG_20230227_144824_069.jpg]
[blogger.googleusercontent.com/img/b/R29vZ2xl/AVvXsEiXCVHYi9xGO4xrLvBdbZwBiYTm1GW0RVkbGLL6ZzN/w440-h640/IMG_20230227_144824_069.jpg]
[blogger.googleusercontent.com/img/b/R29vZ2xl/AVvXsEjU3lT4RHtMEvEYXCbt9b4gpn-rw7FrDc17ou9MJFh/s1238/IMG_20230227_073023_277.jpg]
[blogger.googleusercontent.com/img/b/R29vZ2xl/AVvXsEjU3lT4RHtMEvEYXCbt9b4gpn-rw7FrDc17ou9MJFh/w440-h640/IMG_20230227_073023_277.jpg]
[seehot360.blogspot.com/2023/03/watch-full-video-settimeoutfunction_48.html]
[seehot360.blogspot.com/feeds/8719488191345333387/comments/default]
[blogger.googleusercontent.com/img/b/R29vZ2xl/AVvXsEgrVVpwrrDiAYl19uEQxI6-3EBpWZoQqgKNYx_Wli8/s1200/Untitled design (3) (2).png]
[blogger.googleusercontent.com/img/b/R29vZ2xl/AVvXsEjFozsVOKw0XP5VydYkbQHAubN6Uy-nWZpES3z21aj/s1127/IMG_20230226_141857_747.jpg]
[blogger.googleusercontent.com/img/b/R29vZ2xl/AVvXsEjFozsVOKw0XP5VydYkbQHAubN6Uy-nWZpES3z21aj/w490-h640/IMG_20230226_141857_747.jpg]
[blogger.googleusercontent.com/img/b/R29vZ2xl/AVvXsEgahns3DAKFy7m5NxXv0ROcVFW1Vm9aZBE6Szmvbue/s1154/IMG_20230224_101742_583.jpg]
[blogger.googleusercontent.com/img/b/R29vZ2xl/AVvXsEgahns3DAKFy7m5NxXv0ROcVFW1Vm9aZBE6Szmvbue/w442-h640/IMG_20230224_101742_583.jpg]
[seehot360.blogspot.com/2023/03/watch-now-settimeoutfunction-window_83.html]
[seehot360.blogspot.com/feeds/5530485110462501905/comments/default]
[blogger.googleusercontent.com/img/b/R29vZ2xl/AVvXsEhguALD5F-IcZeOyV4iTDCdbzUyDMmjx9YIez2LrwY/s1200/Untitled design (3) (3).png]
[blogger.googleusercontent.com/img/b/R29vZ2xl/AVvXsEhrwySVO_XzjwyC61vwHUnP6EI6ANkI22Y5oYdtXmg/s1280/IMG_20230228_062928_300.jpg]
[blogger.googleusercontent.com/img/b/R29vZ2xl/AVvXsEhrwySVO_XzjwyC61vwHUnP6EI6ANkI22Y5oYdtXmg/w440-h640/IMG_20230228_062928_300.jpg]
[blogger.googleusercontent.com/img/b/R29vZ2xl/AVvXsEj7gnvGhhILeEhcmTnU0KVw1v5Cb8gInt3XjI6Z_7-/s1280/IMG_20230228_062945_946.jpg]
[blogger.googleusercontent.com/img/b/R29vZ2xl/AVvXsEj7gnvGhhILeEhcmTnU0KVw1v5Cb8gInt3XjI6Z_7-/w452-h640/IMG_20230228_062945_946.jpg]
[seehot360.blogspot.com/2023/03/watch-now-settimeoutfunction-window_98.html]
[seehot360.blogspot.com/2023/03/watch-now-settimeoutfunction-window_58.html]
[blogger.googleusercontent.com/img/b/R29vZ2xl/AVvXsEhqXuPZXvhev_3NQduIFfx6IByi5DVtY2M95_iCAEx/w640-h382/Untitled design (3) (22).png]
[seehot360.blogspot.com/search2595.html]
[seehot360.blogspot.com/searchbff8.html]
[seehot360.blogspot.com/search86db.html]
[seehot360.blogspot.com/2023/03/watch-now-settimeoutfunction-window_88.html]
[blogger.googleusercontent.com/img/b/R29vZ2xl/AVvXsEiPYDCsH92JlFy2Nm2yTbTIomNpE0JKFPke7rUuRvb/w640-h382/Untitled design (3) (4).png]
[seehot360.blogspot.com/2023/03/watch-full-video-settimeoutfunction_83.html]
[blogger.googleusercontent.com/img/b/R29vZ2xl/AVvXsEjKnXPKgte0xrQyfXUU3cQaYN3ldAWJEtfllBzK66b/w640-h382/Untitled design (3) (11).png]
[seehot360.blogspot.com/2023/03/watch-full-video-settimeoutfunction_3.html]
[blogger.googleusercontent.com/img/b/R29vZ2xl/AVvXsEiLMfa39eL64UnEi2FuBQZXiFsHiAKxU_JxLbtF5YK/w640-h382/Untitled design (3) (12).png]
[seehot360.blogspot.com/2023/03/watch-now-settimeoutfunction-window_87.html]
[blogger.googleusercontent.com/img/b/R29vZ2xl/AVvXsEi_OPQsUdZ009lWM8YrfY2mQtFRmdc0EiRbzYHIoSV/w640-h382/Untitled design (3) (8).png]
[seehot360.blogspot.com/2023/03/watch-now-settimeoutfunction-window_89.html]
[blogger.googleusercontent.com/img/b/R29vZ2xl/AVvXsEi11bOxrIsy2SzJHwKabGRjlQAqUh2YjAguwjF8vxk/w640-h382/Untitled design (1).png]
[seehot360.blogspot.com/2023/03/watch-now-settimeoutfunction-window_45.html]
[blogger.googleusercontent.com/img/b/R29vZ2xl/AVvXsEhTx-OdkQ3lB1pTwpT-rPToTui-tJ64_vq_D1FS-zD/w640-h382/Untitled design (3) (7).png]
[seehot360.blogspot.com/2023/03/watch-now-settimeoutfunction-window_20.html]
[blogger.googleusercontent.com/img/b/R29vZ2xl/AVvXsEhUahseZ_HAS1WB_k1N7rG73sCMd6wfWuJy0biek1t/w640-h382/Untitled design (3) (6).png]
[seehot360.blogspot.com/search9839.html]
[seehot360.blogspot.com/search76f7.html]
[pinterest.com/pin/create/button/index7fd1.html]
[pinterest.com/pin/create/button/index2315.html]
[pinterest.com/pin/create/button/index229f.html]
[pinterest.com/pin/create/button/index1d16.html]
[pinterest.com/pin/create/button/index7e55.html]
[pinterest.com/pin/create/button/indexf7d6.html]
[pinterest.com/pin/create/button/index4329.html]
[seehot360.blogspot.com/search5891.html]
[seehot360.blogspot.com/search3b8d.html]
[seehot360.blogspot.com/search5307.html]
[seehot360.blogspot.com/feeds/1455315837345984303/comments/default]
[blogger.googleusercontent.com/img/b/R29vZ2xl/AVvXsEhqXuPZXvhev_3NQduIFfx6IByi5DVtY2M95_iCAEx/s1200/Untitled design (3) (22).png]
[blogger.googleusercontent.com/img/b/R29vZ2xl/AVvXsEinuad8glQEkn1Y6enJ7a62C8-4Wxh_0uUJeM0kFN6/s1069/Screenshot_20230227-142201_1.jpg]
[blogger.googleusercontent.com/img/b/R29vZ2xl/AVvXsEinuad8glQEkn1Y6enJ7a62C8-4Wxh_0uUJeM0kFN6/w404-h640/Screenshot_20230227-142201_1.jpg]
[blogger.googleusercontent.com/img/b/R29vZ2xl/AVvXsEgh6FAnTizTMHbMoTm1hSwOzf6Z-pR4Hw0HHZ9SmLX/s1055/Screenshot_20230227-142207_1.jpg]
[blogger.googleusercontent.com/img/b/R29vZ2xl/AVvXsEgh6FAnTizTMHbMoTm1hSwOzf6Z-pR4Hw0HHZ9SmLX/w410-h640/Screenshot_20230227-142207_1.jpg]
[blogger.googleusercontent.com/img/b/R29vZ2xl/AVvXsEhKi4H_dGOqTxpD7Hiwt_0tItG8r8Rgvgu5AZ0OpPf/s1065/Screenshot_20230227-142215_1.jpg]
[blogger.googleusercontent.com/img/b/R29vZ2xl/AVvXsEhKi4H_dGOqTxpD7Hiwt_0tItG8r8Rgvgu5AZ0OpPf/w406-h640/Screenshot_20230227-142215_1.jpg]
[seehot360.blogspot.com/2023/03/watch-now-settimeoutfunction-window_58.html]
[seehot360.blogspot.com/search2193.html]
[seehot360.blogspot.com/search2595.html]
[seehot360.blogspot.com/search5fd3.html]
[seehot360.blogspot.com/searchec11.html]
[seehot360.blogspot.com/search86db.html]
[seehot360.blogspot.com/search3cf1.html]
[seehot360.blogspot.com/feeds/2457127159586810819/comments/default]
[blogger.googleusercontent.com/img/b/R29vZ2xl/AVvXsEiPYDCsH92JlFy2Nm2yTbTIomNpE0JKFPke7rUuRvb/s1200/Untitled design (3) (4).png]
[blogger.googleusercontent.com/img/b/R29vZ2xl/AVvXsEjKvXnD8QWRGrFZ56FAmFT8XBIy-PR3jfFqM240gMi/s1280/IMG_20230228_063109_184.jpg]
[blogger.googleusercontent.com/img/b/R29vZ2xl/AVvXsEjKvXnD8QWRGrFZ56FAmFT8XBIy-PR3jfFqM240gMi/w426-h640/IMG_20230228_063109_184.jpg]
[blogger.googleusercontent.com/img/b/R29vZ2xl/AVvXsEj3NpXf5AEk4grxjQ0nTSv19zAwWjjciqCom3hzp-b/s1280/IMG_20230228_063109_487.jpg]
[blogger.googleusercontent.com/img/b/R29vZ2xl/AVvXsEj3NpXf5AEk4grxjQ0nTSv19zAwWjjciqCom3hzp-b/w426-h640/IMG_20230228_063109_487.jpg]
[blogger.googleusercontent.com/img/b/R29vZ2xl/AVvXsEjo6Z6KU3VUZL5SEGCbhGFYikQcBku71LwxPB5OsUM/s1280/IMG_20230228_063109_221.jpg]
[blogger.googleusercontent.com/img/b/R29vZ2xl/AVvXsEjo6Z6KU3VUZL5SEGCbhGFYikQcBku71LwxPB5OsUM/w426-h640/IMG_20230228_063109_221.jpg]
[seehot360.blogspot.com/2023/03/watch-now-settimeoutfunction-window_88.html]
[seehot360.blogspot.com/feeds/5184313759621103218/comments/default]
[blogger.googleusercontent.com/img/b/R29vZ2xl/AVvXsEjKnXPKgte0xrQyfXUU3cQaYN3ldAWJEtfllBzK66b/s1200/Untitled design (3) (11).png]
[blogger.googleusercontent.com/img/b/R29vZ2xl/AVvXsEgMDjizBINjQp9hXjP2Z16ApX2ngjvU-hLs8DVkdfV/s1134/IMG_20230224_085743_133.jpg]
[blogger.googleusercontent.com/img/b/R29vZ2xl/AVvXsEgMDjizBINjQp9hXjP2Z16ApX2ngjvU-hLs8DVkdfV/w410-h640/IMG_20230224_085743_133.jpg]
[blogger.googleusercontent.com/img/b/R29vZ2xl/AVvXsEg7ZKiV1gGCwOlNwPMiKRoEYmvhLz7IIYhbv3joXO6/s1172/IMG_20230224_085742_982.jpg]
[blogger.googleusercontent.com/img/b/R29vZ2xl/AVvXsEg7ZKiV1gGCwOlNwPMiKRoEYmvhLz7IIYhbv3joXO6/w466-h640/IMG_20230224_085742_982.jpg]
[blogger.googleusercontent.com/img/b/R29vZ2xl/AVvXsEjeCwxWKtPvVSIad1MDDGQTAyHFBvhBmo2Mip6gQsh/s1280/IMG_20230224_085742_965.jpg]
[blogger.googleusercontent.com/img/b/R29vZ2xl/AVvXsEjeCwxWKtPvVSIad1MDDGQTAyHFBvhBmo2Mip6gQsh/w426-h640/IMG_20230224_085742_965.jpg]
[seehot360.blogspot.com/2023/03/watch-full-video-settimeoutfunction_83.html]
[seehot360.blogspot.com/feeds/7068559163379456710/comments/default]
[blogger.googleusercontent.com/img/b/R29vZ2xl/AVvXsEiLMfa39eL64UnEi2FuBQZXiFsHiAKxU_JxLbtF5YK/s1200/Untitled design (3) (12).png]
[blogger.googleusercontent.com/img/b/R29vZ2xl/AVvXsEh4gMMV1N5EX5ncgWoVIGwWzq6znMYtQ8TyyDDx5dG/s1280/IMG_20230224_085651_875.jpg]
[blogger.googleusercontent.com/img/b/R29vZ2xl/AVvXsEh4gMMV1N5EX5ncgWoVIGwWzq6znMYtQ8TyyDDx5dG/w426-h640/IMG_20230224_085651_875.jpg]
[blogger.googleusercontent.com/img/b/R29vZ2xl/AVvXsEjc74Gs5ZSTNu7lp8fcT0bl7gyok5pYCuVdxfPGxGI/s1280/IMG_20230228_063109_009.jpg]
[blogger.googleusercontent.com/img/b/R29vZ2xl/AVvXsEjc74Gs5ZSTNu7lp8fcT0bl7gyok5pYCuVdxfPGxGI/w426-h640/IMG_20230228_063109_009.jpg]
[seehot360.blogspot.com/2023/03/watch-full-video-settimeoutfunction_3.html]
[seehot360.blogspot.com/feeds/3960498691268988625/comments/default]
[blogger.googleusercontent.com/img/b/R29vZ2xl/AVvXsEi_OPQsUdZ009lWM8YrfY2mQtFRmdc0EiRbzYHIoSV/s1200/Untitled design (3) (8).png]
[blogger.googleusercontent.com/img/b/R29vZ2xl/AVvXsEjR_PhPyOBLdglAxskpjeQvaDYjaSbZgPXesRbb_RE/s1280/IMG_20230228_112242_648.jpg]
[blogger.googleusercontent.com/img/b/R29vZ2xl/AVvXsEjR_PhPyOBLdglAxskpjeQvaDYjaSbZgPXesRbb_RE/w534-h640/IMG_20230228_112242_648.jpg]
[blogger.googleusercontent.com/img/b/R29vZ2xl/AVvXsEgD5XG2QYz4MEWj3h1tg0Pj85OT653K4TyYtVlNVjK/s1280/IMG_20230228_112239_882.jpg]
[blogger.googleusercontent.com/img/b/R29vZ2xl/AVvXsEgD5XG2QYz4MEWj3h1tg0Pj85OT653K4TyYtVlNVjK/w532-h640/IMG_20230228_112239_882.jpg]
[blogger.googleusercontent.com/img/b/R29vZ2xl/AVvXsEhKX2TfyvVy6T3H_Bv-AD_SfTP3bOrnQBNvZO_C6lc/s1080/IMG_20230228_112245_733.jpg]
[blogger.googleusercontent.com/img/b/R29vZ2xl/AVvXsEhKX2TfyvVy6T3H_Bv-AD_SfTP3bOrnQBNvZO_C6lc/w480-h640/IMG_20230228_112245_733.jpg]
[seehot360.blogspot.com/2023/03/watch-now-settimeoutfunction-window_87.html]
[seehot360.blogspot.com/feeds/8412156850198403676/comments/default]
[blogger.googleusercontent.com/img/b/R29vZ2xl/AVvXsEi11bOxrIsy2SzJHwKabGRjlQAqUh2YjAguwjF8vxk/s1200/Untitled design (1).png]
[blogger.googleusercontent.com/img/b/R29vZ2xl/AVvXsEiija4H6A-0iKEoxzCQhnZpYnEYhDiNWaKb6CV-UO-/s1159/Screenshot_20230228-113338_1.jpg]
[blogger.googleusercontent.com/img/b/R29vZ2xl/AVvXsEiija4H6A-0iKEoxzCQhnZpYnEYhDiNWaKb6CV-UO-/w372-h640/Screenshot_20230228-113338_1.jpg]
[blogger.googleusercontent.com/img/b/R29vZ2xl/AVvXsEjUYeBdzrfGjSMNRJVQgod_FlpXFfP1Jo1qchYWSX2/s692/Screenshot_20230228-113342_1.jpg]
[blogger.googleusercontent.com/img/b/R29vZ2xl/AVvXsEjUYeBdzrfGjSMNRJVQgod_FlpXFfP1Jo1qchYWSX2/w624-h640/Screenshot_20230228-113342_1.jpg]
[blogger.googleusercontent.com/img/b/R29vZ2xl/AVvXsEhXO-KthihnxdBEDYl0Dlw1SoEahbv7yndl8i04yl2/s791/Screenshot_20230228-113321_1.jpg]
[blogger.googleusercontent.com/img/b/R29vZ2xl/AVvXsEhXO-KthihnxdBEDYl0Dlw1SoEahbv7yndl8i04yl2/w546-h640/Screenshot_20230228-113321_1.jpg]
[seehot360.blogspot.com/2023/03/watch-now-settimeoutfunction-window_89.html]
[seehot360.blogspot.com/feeds/3038043087057758270/comments/default]
[blogger.googleusercontent.com/img/b/R29vZ2xl/AVvXsEhTx-OdkQ3lB1pTwpT-rPToTui-tJ64_vq_D1FS-zD/s1200/Untitled design (3) (7).png]
[blogger.googleusercontent.com/img/b/R29vZ2xl/AVvXsEh2Jqgzs2q_R9mPU2Nsf0DPt7JohZTJ-QJHuCpbNJU/s1080/IMG_20230228_112302_621.jpg]
[blogger.googleusercontent.com/img/b/R29vZ2xl/AVvXsEh2Jqgzs2q_R9mPU2Nsf0DPt7JohZTJ-QJHuCpbNJU/w640-h482/IMG_20230228_112302_621.jpg]
[blogger.googleusercontent.com/img/b/R29vZ2xl/AVvXsEjTRy-8C8mzfyeA96_7bmKIGb5fuJGthC25uO7OXt7/s1080/IMG_20230228_112304_768.jpg]
[blogger.googleusercontent.com/img/b/R29vZ2xl/AVvXsEjTRy-8C8mzfyeA96_7bmKIGb5fuJGthC25uO7OXt7/w640-h482/IMG_20230228_112304_768.jpg]
[blogger.googleusercontent.com/img/b/R29vZ2xl/AVvXsEhQP2-9wVBc2dQ6Ii68mp-9HYSVC0I-9t5AhSCN2bx/s1080/IMG_20230228_112309_228.jpg]
[blogger.googleusercontent.com/img/b/R29vZ2xl/AVvXsEhQP2-9wVBc2dQ6Ii68mp-9HYSVC0I-9t5AhSCN2bx/w640-h640/IMG_20230228_112309_228.jpg]
[seehot360.blogspot.com/2023/03/watch-now-settimeoutfunction-window_45.html]
[seehot360.blogspot.com/feeds/3276864022026786082/comments/default]
[blogger.googleusercontent.com/img/b/R29vZ2xl/AVvXsEhUahseZ_HAS1WB_k1N7rG73sCMd6wfWuJy0biek1t/s1200/Untitled design (3) (6).png]
[blogger.googleusercontent.com/img/b/R29vZ2xl/AVvXsEjqiZpGl0schY8P443yRa4awXy_4qOJr0ohLmrXBg5/s1079/IMG_20230228_112319_823.jpg]
[blogger.googleusercontent.com/img/b/R29vZ2xl/AVvXsEjqiZpGl0schY8P443yRa4awXy_4qOJr0ohLmrXBg5/w640-h640/IMG_20230228_112319_823.jpg]
[blogger.googleusercontent.com/img/b/R29vZ2xl/AVvXsEi7H0gtuUm7yMGY2kV45nQCKPdaHFoF0MLqVb_8kfH/s676/IMG_20230228_112327_133.jpg]
[blogger.googleusercontent.com/img/b/R29vZ2xl/AVvXsEi7H0gtuUm7yMGY2kV45nQCKPdaHFoF0MLqVb_8kfH/w640-h640/IMG_20230228_112327_133.jpg]
[blogger.googleusercontent.com/img/b/R29vZ2xl/AVvXsEipzaUbWPQNV7wWy5mQGV4gDHRt_bMp-vwWAM1SzRO/s1009/IMG_20230228_112323_267.jpg]
[blogger.googleusercontent.com/img/b/R29vZ2xl/AVvXsEipzaUbWPQNV7wWy5mQGV4gDHRt_bMp-vwWAM1SzRO/w480-h640/IMG_20230228_112323_267.jpg]
[seehot360.blogspot.com/2023/03/watch-now-settimeoutfunction-window_20.html]
[seehot360.blogspot.com/search9839.html]
[seehot360.blogspot.com/searchf900.html]
[seehot360.blogspot.com/2023/03/watch-now-settimeoutfunction-window_39.html]
[blogger.googleusercontent.com/img/b/R29vZ2xl/AVvXsEgUGEKWTNmID7xuDJGQX7GWhIOa1-RLy4RaeuppenV/w640-h382/Untitled design (3) (5).png]
[seehot360.blogspot.com/2023/03/watch-now-settimeoutfunction-window_21.html]
[blogger.googleusercontent.com/img/b/R29vZ2xl/AVvXsEjzmQHQcUTvgQap4hMEBriAYVJseSIftySjpX0Qav7/w640-h382/Untitled design (2).png]
[seehot360.blogspot.com/2023/03/watch-now-settimeoutfunction-window_77.html]
[blogger.googleusercontent.com/img/b/R29vZ2xl/AVvXsEg97nop68ReeKhvQEAeypgtx_x135cS2wC4QAISfXI/w640-h382/Untitled design (1).png]
[seehot360.blogspot.com/2023/03/watch-now-settimeoutfunction-window_3.html]
[blogger.googleusercontent.com/img/b/R29vZ2xl/AVvXsEiYtABDPTdrNKKeEvxzpRLOi87LcuRZLS0c_1sOnOZ/w640-h382/Untitled design (3) (4).png]
[seehot360.blogspot.com/2023/03/watch-full-video-settimeoutfunction.html]
[blogger.googleusercontent.com/img/b/R29vZ2xl/AVvXsEigNmDsmp6CZUTKPiGypTnJzVyDx2z4c3-Abu52ZdK/w640-h382/Untitled design (3) (10).png]
[seehot360.blogspot.com/2023/03/watch-now-settimeoutfunction-window.html]
[blogger.googleusercontent.com/img/b/R29vZ2xl/AVvXsEj5949HJa4BJ_eAyw1Qwb7hQI57iyrIQexC2e8WSVY/w640-h382/photo1677340918.jpeg]
[seehot360.blogspot.com/search5891.html]
[pinterest.com/pin/create/button/indexb8f0.html]
[pinterest.com/pin/create/button/indexfb0f.html]
[pinterest.com/pin/create/button/index1e05.html]
[pinterest.com/pin/create/button/indexd79d.html]
[pinterest.com/pin/create/button/index60c0.html]
[pinterest.com/pin/create/button/indexf4ee.html]
[pinterest.com/pin/create/button/index7b6b.html]
[seehot360.blogspot.com/search0eab.html]
[seehot360.blogspot.com/search5307.html]
[seehot360.blogspot.com/search4f44.html]
[seehot360.blogspot.com/search2193.html]
[seehot360.blogspot.com/searcha2f8.html]
[seehot360.blogspot.com/search5fd3.html]
[seehot360.blogspot.com/searcha72c.html]
[seehot360.blogspot.com/searchc3b2.html]
[seehot360.blogspot.com/searchec11.html]
[seehot360.blogspot.com/searchaaa3.html]
[seehot360.blogspot.com/search0a08.html]
[seehot360.blogspot.com/search3cf1.html]
[seehot360.blogspot.com/search16eb.html]
[seehot360.blogspot.com/searchf900.html]
[seehot360.blogspot.com/searche94b.html]
[seehot360.blogspot.com/feeds/164498503939232037/comments/default]
[blogger.googleusercontent.com/img/b/R29vZ2xl/AVvXsEgUGEKWTNmID7xuDJGQX7GWhIOa1-RLy4RaeuppenV/s1200/Untitled design (3) (5).png]
[blogger.googleusercontent.com/img/b/R29vZ2xl/AVvXsEiSBxL9kTVyvc39dUpRolrDBzfbgHHgmDPjlsprUeT/s1280/IMG_20230228_112430_927.jpg]
[blogger.googleusercontent.com/img/b/R29vZ2xl/AVvXsEiSBxL9kTVyvc39dUpRolrDBzfbgHHgmDPjlsprUeT/w480-h640/IMG_20230228_112430_927.jpg]
[blogger.googleusercontent.com/img/b/R29vZ2xl/AVvXsEh-O1AZRQ_eUMwYR6s3DV1lQNxdjbzR_GveHozLgQ_/s1280/IMG_20230228_112438_122.jpg]
[blogger.googleusercontent.com/img/b/R29vZ2xl/AVvXsEh-O1AZRQ_eUMwYR6s3DV1lQNxdjbzR_GveHozLgQ_/w480-h640/IMG_20230228_112438_122.jpg]
[blogger.googleusercontent.com/img/b/R29vZ2xl/AVvXsEjBn69u8s9cfWMwUPw922eIRsfQzaTP17WGDQYB-xI/s1280/IMG_20230228_112434_925.jpg]
[blogger.googleusercontent.com/img/b/R29vZ2xl/AVvXsEjBn69u8s9cfWMwUPw922eIRsfQzaTP17WGDQYB-xI/w480-h640/IMG_20230228_112434_925.jpg]
[seehot360.blogspot.com/2023/03/watch-now-settimeoutfunction-window_39.html]
[seehot360.blogspot.com/feeds/7782807732172357395/comments/default]
[blogger.googleusercontent.com/img/b/R29vZ2xl/AVvXsEjzmQHQcUTvgQap4hMEBriAYVJseSIftySjpX0Qav7/s1200/Untitled design (2).png]
[blogger.googleusercontent.com/img/b/R29vZ2xl/AVvXsEjDf9Fbl4KQp2_3hkn1hs0mNvaYGdjtzJUIP5bTyXm/s1005/Screenshot_20230228-125854_1.jpg]
[blogger.googleusercontent.com/img/b/R29vZ2xl/AVvXsEjDf9Fbl4KQp2_3hkn1hs0mNvaYGdjtzJUIP5bTyXm/w430-h640/Screenshot_20230228-125854_1.jpg]
[blogger.googleusercontent.com/img/b/R29vZ2xl/AVvXsEjWbbV3dZiACjh6Gxlvo4zuoH5jnhspqwNrSI0JpCL/s769/Screenshot_20230228-125917_1.jpg]
[blogger.googleusercontent.com/img/b/R29vZ2xl/AVvXsEjWbbV3dZiACjh6Gxlvo4zuoH5jnhspqwNrSI0JpCL/w562-h640/Screenshot_20230228-125917_1.jpg]
[seehot360.blogspot.com/2023/03/watch-now-settimeoutfunction-window_21.html]
[seehot360.blogspot.com/feeds/7040090926797574196/comments/default]
[blogger.googleusercontent.com/img/b/R29vZ2xl/AVvXsEg97nop68ReeKhvQEAeypgtx_x135cS2wC4QAISfXI/s1200/Untitled design (1).png]
[blogger.googleusercontent.com/img/b/R29vZ2xl/AVvXsEjeT6PpO3NwGPIf379f8xH5HrV933J_LEnTqjaehXb/s1058/Screenshot_20230228-125650_1.jpg]
[blogger.googleusercontent.com/img/b/R29vZ2xl/AVvXsEjeT6PpO3NwGPIf379f8xH5HrV933J_LEnTqjaehXb/w406-h640/Screenshot_20230228-125650_1.jpg]
[blogger.googleusercontent.com/img/b/R29vZ2xl/AVvXsEjjrk-uGkvJhH0yiFoiQiQ7b-egHwdOlyYAvZx71uq/s1149/Screenshot_20230228-125655_1.jpg]
[blogger.googleusercontent.com/img/b/R29vZ2xl/AVvXsEjjrk-uGkvJhH0yiFoiQiQ7b-egHwdOlyYAvZx71uq/w374-h640/Screenshot_20230228-125655_1.jpg]
[blogger.googleusercontent.com/img/b/R29vZ2xl/AVvXsEhUyS8LGXao8FmccfLQiJify1BdOpHP534T2qVymDg/s1169/Screenshot_20230228-125701_1.jpg]
[blogger.googleusercontent.com/img/b/R29vZ2xl/AVvXsEhUyS8LGXao8FmccfLQiJify1BdOpHP534T2qVymDg/w368-h640/Screenshot_20230228-125701_1.jpg]
[seehot360.blogspot.com/2023/03/watch-now-settimeoutfunction-window_77.html]
[seehot360.blogspot.com/feeds/5471579483326277621/comments/default]
[blogger.googleusercontent.com/img/b/R29vZ2xl/AVvXsEiYtABDPTdrNKKeEvxzpRLOi87LcuRZLS0c_1sOnOZ/s1200/Untitled design (3) (4).png]
[blogger.googleusercontent.com/img/b/R29vZ2xl/AVvXsEjfqbZoSBN_w4UH_aIfIkBui1IJ5iUMWb062ajgY2X/s675/Screenshot_20230228-125104_1.jpg]
[blogger.googleusercontent.com/img/b/R29vZ2xl/AVvXsEjfqbZoSBN_w4UH_aIfIkBui1IJ5iUMWb062ajgY2X/w640-h438/Screenshot_20230228-125104_1.jpg]
[blogger.googleusercontent.com/img/b/R29vZ2xl/AVvXsEgNm9tZO3-Jo08ygm22hfJ4VKaUIcohD-9viwgxK9l/s675/Screenshot_20230228-125058_1.jpg]
[blogger.googleusercontent.com/img/b/R29vZ2xl/AVvXsEgNm9tZO3-Jo08ygm22hfJ4VKaUIcohD-9viwgxK9l/w640-h438/Screenshot_20230228-125058_1.jpg]
[blogger.googleusercontent.com/img/b/R29vZ2xl/AVvXsEh_w0ZXe-rG8PfRDdFeYnt8IWblgYehwWZmPzl3uRW/s675/Screenshot_20230228-125052_1.jpg]
[blogger.googleusercontent.com/img/b/R29vZ2xl/AVvXsEh_w0ZXe-rG8PfRDdFeYnt8IWblgYehwWZmPzl3uRW/w640-h436/Screenshot_20230228-125052_1.jpg]
[seehot360.blogspot.com/2023/03/watch-now-settimeoutfunction-window_3.html]
[seehot360.blogspot.com/feeds/851739191885289504/comments/default]
[blogger.googleusercontent.com/img/b/R29vZ2xl/AVvXsEigNmDsmp6CZUTKPiGypTnJzVyDx2z4c3-Abu52ZdK/s1200/Untitled design (3) (10).png]
[blogger.googleusercontent.com/img/b/R29vZ2xl/AVvXsEgrAYhSyIVOT-JZl3H_hsfs-j371P4bVHVk8ary4eu/s1280/IMG_20230228_062913_885.jpg]
[blogger.googleusercontent.com/img/b/R29vZ2xl/AVvXsEgrAYhSyIVOT-JZl3H_hsfs-j371P4bVHVk8ary4eu/w442-h640/IMG_20230228_062913_885.jpg]
[blogger.googleusercontent.com/img/b/R29vZ2xl/AVvXsEihbFtRa420zHTQ-HfoFwvdAPSlAv2NcOvzwmIMP14/s1280/IMG_20230228_062904_910.jpg]
[blogger.googleusercontent.com/img/b/R29vZ2xl/AVvXsEihbFtRa420zHTQ-HfoFwvdAPSlAv2NcOvzwmIMP14/w440-h640/IMG_20230228_062904_910.jpg]
[blogger.googleusercontent.com/img/b/R29vZ2xl/AVvXsEhvd-fnUeoqfnQD8QohlA5OBGQRXE1zWYgNlp2-jUd/s1280/IMG_20230228_062907_436.jpg]
[blogger.googleusercontent.com/img/b/R29vZ2xl/AVvXsEhvd-fnUeoqfnQD8QohlA5OBGQRXE1zWYgNlp2-jUd/w442-h640/IMG_20230228_062907_436.jpg]
[seehot360.blogspot.com/2023/03/watch-full-video-settimeoutfunction.html]
[seehot360.blogspot.com/feeds/5631137891548017428/comments/default]
[blogger.googleusercontent.com/img/b/R29vZ2xl/AVvXsEj5949HJa4BJ_eAyw1Qwb7hQI57iyrIQexC2e8WSVY/s1200/photo1677340918.jpeg]
[blogger.googleusercontent.com/img/b/R29vZ2xl/AVvXsEjtpEAC67f-Vxbpd672Fj3VxBGNhHxH_PsInhvG6V_/s1154/IMG_20230224_101742_583.jpg]
[blogger.googleusercontent.com/img/b/R29vZ2xl/AVvXsEjtpEAC67f-Vxbpd672Fj3VxBGNhHxH_PsInhvG6V_/w442-h640/IMG_20230224_101742_583.jpg]
[blogger.googleusercontent.com/img/b/R29vZ2xl/AVvXsEi10ehiZ4o9LSENZGe3EnwqqWcDTRW9dzLLKVT8cpR/s1131/IMG_20230224_101742_63.jpg]
[blogger.googleusercontent.com/img/b/R29vZ2xl/AVvXsEi10ehiZ4o9LSENZGe3EnwqqWcDTRW9dzLLKVT8cpR/w420-h640/IMG_20230224_101742_63.jpg]
[seehot360.blogspot.com/2023/03/watch-now-settimeoutfunction-window.html]
[seehot360.blogspot.com/search0eab.html]
[seehot360.blogspot.com/search4f44.html]
[pinterest.com/pin/create/button/index1023.html]
[pinterest.com/pin/create/button/index85f8.html]
[pinterest.com/pin/create/button/indexc1ba.html]
[pinterest.com/pin/create/button/index2d0d.html]
[pinterest.com/pin/create/button/index126e.html]
[pinterest.com/pin/create/button/indexe736.html]
[pinterest.com/pin/create/button/indexd674.html]
[seehot360.blogspot.com/searchcb5d.html]
[seehot360.blogspot.com/searcha2f8.html]
[seehot360.blogspot.com/searchb0b6.html]
[seehot360.blogspot.com/searcha72c.html]
[seehot360.blogspot.com/search0360.html]
[seehot360.blogspot.com/searchd299.html]
[seehot360.blogspot.com/searchc3b2.html]
[seehot360.blogspot.com/search00a9.html]
[seehot360.blogspot.com/searcha30c.html]
[seehot360.blogspot.com/searchaaa3.html]
[seehot360.blogspot.com/searchf19f.html]
[seehot360.blogspot.com/search0a08.html]
[seehot360.blogspot.com/search9cc3.html]
[seehot360.blogspot.com/search16eb.html]
[seehot360.blogspot.com/searchd09d.html]
[seehot360.blogspot.com/searche94b.html]
[seehot360.blogspot.com/searchcb5d.html]
[pinterest.com/pin/create/button/index99a7.html]
[seehot360.blogspot.com/searchb0b6.html]
[seehot360.blogspot.com/search3613.html]
[seehot360.blogspot.com/search0360.html]
[seehot360.blogspot.com/search072a.html]
[seehot360.blogspot.com/searchd299.html]
[seehot360.blogspot.com/search7507.html]
[seehot360.blogspot.com/search00a9.html]
[seehot360.blogspot.com/search39e0.html]
[seehot360.blogspot.com/searcha30c.html]
[seehot360.blogspot.com/searchd3de.html]
[seehot360.blogspot.com/searchf19f.html]
[seehot360.blogspot.com/searche74d.html]
[seehot360.blogspot.com/search9cc3.html]
[seehot360.blogspot.com/search27d5.html]
[seehot360.blogspot.com/searchd09d.html]
[pinterest.com/pin/create/button/indexacf0.html]
[pinterest.com/pin/create/button/index618d.html]
[pinterest.com/pin/create/button/indexc1da.html]
[pinterest.com/pin/create/button/index7a9d.html]
[pinterest.com/pin/create/button/indexebaa.html]
[pinterest.com/pin/create/button/index1ce8.html]
[pinterest.com/pin/create/button/index6350.html]
[seehot360.blogspot.com/searchd357.html]
[seehot360.blogspot.com/search3613.html]
[seehot360.blogspot.com/search072a.html]
[seehot360.blogspot.com/search0cec.html]
[seehot360.blogspot.com/search7507.html]
[seehot360.blogspot.com/searcha227.html]
[seehot360.blogspot.com/search39e0.html]
[seehot360.blogspot.com/search795c.html]
[seehot360.blogspot.com/searchd3de.html]
[seehot360.blogspot.com/searche74d.html]
[seehot360.blogspot.com/search27d5.html]
[seehot360.blogspot.com/searchd357.html]
[pinterest.com/pin/create/button/index72a1.html]
[pinterest.com/pin/create/button/index5d5f.html]
[pinterest.com/pin/create/button/indexfe8b.html]
[pinterest.com/pin/create/button/index34a3.html]
[pinterest.com/pin/create/button/indexc508.html]
[pinterest.com/pin/create/button/indexb180.html]
[seehot360.blogspot.com/search53f3.html]
[seehot360.blogspot.com/search0cec.html]
[seehot360.blogspot.com/searchecde.html]
[seehot360.blogspot.com/searcha227.html]
[seehot360.blogspot.com/search50cb.html]
[seehot360.blogspot.com/search795c.html]
[seehot360.blogspot.com/search9636.html]
[seehot360.blogspot.com/search53f3.html]
[seehot360.blogspot.com/searchecde.html]
[seehot360.blogspot.com/search5a00.html]
[seehot360.blogspot.com/search50cb.html]
[seehot360.blogspot.com/search9636.html]
[seehot360.blogspot.com/search0303.html]
[seehot360.blogspot.com/search5a00.html]
[seehot360.blogspot.com/searchc650.html]
[seehot360.blogspot.com/search0303.html]
[seehot360.blogspot.com/searchc650.html]
[seehot360.blogspot.com/search3b72.html]
[seehot360.blogspot.com/search3b72.html]
